
> fs-website@0.1.0 build
> set "GENERATE_SOURCEMAP=false" && craco build

Creating an optimized production build...
Compiled with warnings.

[eslint] 
src\App.js
  Line 51:9:  Unexpected console statement  no-console

src\index.js
  Line 21:11:  Unexpected console statement  no-console
  Line 45:5:   Unexpected console statement  no-console

src\pages\About.js
  Line 7:35:   'faTiktok' is defined but never used                                                                                                                                                                                                                                                                                                                               no-unused-vars
  Line 64:21:  The href attribute requires a valid value to be accessible. Provide a valid, navigable address as the href value. If you cannot provide a valid href, but still need the element to resemble a link, use a button and change it with appropriate styles. Learn more: https://github.com/jsx-eslint/eslint-plugin-jsx-a11y/blob/HEAD/docs/rules/anchor-is-valid.md  jsx-a11y/anchor-is-valid
  Line 65:21:  Using target="_blank" without rel="noreferrer" (which implies rel="noopener") is a security risk in older browsers: see https://mathiasbynens.github.io/rel-noopener/#recommendations                                                                                                                                                                              react/jsx-no-target-blank
  Line 66:21:  The href attribute requires a valid value to be accessible. Provide a valid, navigable address as the href value. If you cannot provide a valid href, but still need the element to resemble a link, use a button and change it with appropriate styles. Learn more: https://github.com/jsx-eslint/eslint-plugin-jsx-a11y/blob/HEAD/docs/rules/anchor-is-valid.md  jsx-a11y/anchor-is-valid

src\pages\Contact.js
  Line 1:27:    'useEffect' is defined but never used                                                                                                                                                                                                                                                                                                                              no-unused-vars
  Line 8:35:    'faTiktok' is defined but never used                                                                                                                                                                                                                                                                                                                               no-unused-vars
  Line 248:19:  The href attribute requires a valid value to be accessible. Provide a valid, navigable address as the href value. If you cannot provide a valid href, but still need the element to resemble a link, use a button and change it with appropriate styles. Learn more: https://github.com/jsx-eslint/eslint-plugin-jsx-a11y/blob/HEAD/docs/rules/anchor-is-valid.md  jsx-a11y/anchor-is-valid
  Line 250:19:  The href attribute requires a valid value to be accessible. Provide a valid, navigable address as the href value. If you cannot provide a valid href, but still need the element to resemble a link, use a button and change it with appropriate styles. Learn more: https://github.com/jsx-eslint/eslint-plugin-jsx-a11y/blob/HEAD/docs/rules/anchor-is-valid.md  jsx-a11y/anchor-is-valid

src\pages\Home.js
  Line 6:35:    'faTiktok' is defined but never used                                                                                                                                                                                                                                                                                                                               no-unused-vars
  Line 356:21:  The href attribute requires a valid value to be accessible. Provide a valid, navigable address as the href value. If you cannot provide a valid href, but still need the element to resemble a link, use a button and change it with appropriate styles. Learn more: https://github.com/jsx-eslint/eslint-plugin-jsx-a11y/blob/HEAD/docs/rules/anchor-is-valid.md  jsx-a11y/anchor-is-valid
  Line 357:21:  Using target="_blank" without rel="noreferrer" (which implies rel="noopener") is a security risk in older browsers: see https://mathiasbynens.github.io/rel-noopener/#recommendations                                                                                                                                                                              react/jsx-no-target-blank
  Line 358:21:  The href attribute requires a valid value to be accessible. Provide a valid, navigable address as the href value. If you cannot provide a valid href, but still need the element to resemble a link, use a button and change it with appropriate styles. Learn more: https://github.com/jsx-eslint/eslint-plugin-jsx-a11y/blob/HEAD/docs/rules/anchor-is-valid.md  jsx-a11y/anchor-is-valid
  Line 421:10:  'TestimonialArrows' is defined but never used                                                                                                                                                                                                                                                                                                                      no-unused-vars
  Line 422:9:   'event' is assigned a value but never used                                                                                                                                                                                                                                                                                                                         no-unused-vars

src\pages\Portfolio.js
  Line 8:35:    'faTiktok' is defined but never used                                                                                                                                                                                                                                                                                                                               no-unused-vars
  Line 125:19:  The href attribute requires a valid value to be accessible. Provide a valid, navigable address as the href value. If you cannot provide a valid href, but still need the element to resemble a link, use a button and change it with appropriate styles. Learn more: https://github.com/jsx-eslint/eslint-plugin-jsx-a11y/blob/HEAD/docs/rules/anchor-is-valid.md  jsx-a11y/anchor-is-valid
  Line 126:19:  Using target="_blank" without rel="noreferrer" (which implies rel="noopener") is a security risk in older browsers: see https://mathiasbynens.github.io/rel-noopener/#recommendations                                                                                                                                                                              react/jsx-no-target-blank
  Line 127:19:  The href attribute requires a valid value to be accessible. Provide a valid, navigable address as the href value. If you cannot provide a valid href, but still need the element to resemble a link, use a button and change it with appropriate styles. Learn more: https://github.com/jsx-eslint/eslint-plugin-jsx-a11y/blob/HEAD/docs/rules/anchor-is-valid.md  jsx-a11y/anchor-is-valid

src\pages\Price.js
  Line 7:35:    'faTiktok' is defined but never used                                                                                                                                                                                                                                                                                                                               no-unused-vars
  Line 235:19:  Using target="_blank" without rel="noreferrer" (which implies rel="noopener") is a security risk in older browsers: see https://mathiasbynens.github.io/rel-noopener/#recommendations                                                                                                                                                                              react/jsx-no-target-blank
  Line 237:19:  The href attribute requires a valid value to be accessible. Provide a valid, navigable address as the href value. If you cannot provide a valid href, but still need the element to resemble a link, use a button and change it with appropriate styles. Learn more: https://github.com/jsx-eslint/eslint-plugin-jsx-a11y/blob/HEAD/docs/rules/anchor-is-valid.md  jsx-a11y/anchor-is-valid

src\pages\Service.js
  Line 8:35:   'faTiktok' is defined but never used                                                                                                                                                                                                                                                                                                                               no-unused-vars
  Line 79:19:  The href attribute requires a valid value to be accessible. Provide a valid, navigable address as the href value. If you cannot provide a valid href, but still need the element to resemble a link, use a button and change it with appropriate styles. Learn more: https://github.com/jsx-eslint/eslint-plugin-jsx-a11y/blob/HEAD/docs/rules/anchor-is-valid.md  jsx-a11y/anchor-is-valid
  Line 80:19:  Using target="_blank" without rel="noreferrer" (which implies rel="noopener") is a security risk in older browsers: see https://mathiasbynens.github.io/rel-noopener/#recommendations                                                                                                                                                                              react/jsx-no-target-blank
  Line 81:19:  The href attribute requires a valid value to be accessible. Provide a valid, navigable address as the href value. If you cannot provide a valid href, but still need the element to resemble a link, use a button and change it with appropriate styles. Learn more: https://github.com/jsx-eslint/eslint-plugin-jsx-a11y/blob/HEAD/docs/rules/anchor-is-valid.md  jsx-a11y/anchor-is-valid

src\utils\analyticsUtils.js
  Line 53:1:  Assign object to a variable before exporting as module default  import/no-anonymous-default-export

src\utils\errorTracker.js
  Line 60:1:  Assign instance to a variable before exporting as module default  import/no-anonymous-default-export

src\utils\formValidation.js
  Line 9:31:  Unnecessary escape character: \+                                no-useless-escape
  Line 9:33:  Unnecessary escape character: \(                                no-useless-escape
  Line 9:35:  Unnecessary escape character: \)                                no-useless-escape
  Line 52:1:  Assign object to a variable before exporting as module default  import/no-anonymous-default-export

Search for the keywords to learn more about each warning.
To ignore, add // eslint-disable-next-line to the line before.

File sizes after gzip:

  386.78 kB               build\static\js\509.a65aefa1.chunk.js
  225.26 kB               build\static\js\491.41591176.chunk.js
  174.32 kB (-608.41 kB)  build\static\js\main.140084ce.js
  32 kB                   build\static\css\509.5b745a52.chunk.css
  8.99 kB                 build\static\js\935.0750314a.chunk.js
  6.27 kB                 build\static\js\59.6ae66091.chunk.js
  5.82 kB                 build\static\js\484.6cdc8228.chunk.js
  5.77 kB                 build\static\js\256.ca4fd08d.chunk.js
  5.35 kB                 build\static\js\619.290d5d7d.chunk.js
  4.96 kB                 build\static\js\479.9a67c2cd.chunk.js
  4.77 kB                 build\static\js\42.64e1f1f5.chunk.js
  4.31 kB                 build\static\js\977.22fc5b0c.chunk.js
  3.83 kB                 build\static\css\383.78572335.chunk.css
  2.3 kB (-35.85 kB)      build\static\css\main.87128f3f.css
  2.16 kB (+2 B)          build\static\js\206.f3495032.chunk.js
  678 B                   build\static\css\42.abfe138f.chunk.css
  678 B                   build\static\css\479.abfe138f.chunk.css
  678 B                   build\static\css\484.abfe138f.chunk.css
  678 B                   build\static\css\619.abfe138f.chunk.css
  678 B                   build\static\css\935.abfe138f.chunk.css
  678 B                   build\static\css\977.abfe138f.chunk.css

The project was built assuming it is hosted at /.
You can control this with the homepage field in your package.json.

The build folder is ready to be deployed.
You may serve it with a static server:

  serve -s build

Find out more about deployment here:

  https://cra.link/deployment

